// Jest Snapshot v1, https://goo.gl/fbAQLP

exports[`renders correctly 1`] = `
<div>
  <div
    className="MuiToolbar-root MuiToolbar-regular MuiToolbar-gutters"
  >
    <button
      className="MuiButtonBase-root MuiIconButton-root"
      disabled={false}
      onBlur={[Function]}
      onClick={[Function]}
      onDragLeave={[Function]}
      onFocus={[Function]}
      onKeyDown={[Function]}
      onKeyUp={[Function]}
      onMouseDown={[Function]}
      onMouseLeave={[Function]}
      onMouseUp={[Function]}
      onTouchEnd={[Function]}
      onTouchMove={[Function]}
      onTouchStart={[Function]}
      tabIndex={0}
      type="button"
    >
      <span
        className="MuiIconButton-label"
      >
        <svg
          aria-hidden={true}
          className="MuiSvgIcon-root"
          focusable="false"
          viewBox="0 0 24 24"
        >
          <path
            d="M3 18h18v-2H3v2zm0-5h18v-2H3v2zm0-7v2h18V6H3z"
          />
        </svg>
      </span>
    </button>
  </div>
  <div
    className="MuiContainer-root MuiContainer-maxWidthLg"
  >
    <div>
      <div>
        loading
      </div>
    </div>
    <div
      className="MuiToolbar-root MuiToolbar-regular MuiToolbar-gutters"
    />
    <div
      className="MuiContainer-root MuiContainer-maxWidthLg"
    >
      Info her
      <div
        className="sc-pGacB cOCfhu"
      >
        From: 
        2021-9-8
        <br />
        To: 
        2021-9-22
      </div>
    </div>
  </div>
</div>
`;
